// Jest Snapshot v1, https://goo.gl/fbAQLP

exports[`Test for the Quote page Should render the Quote page 1`] = `
<div
  className="quote"
>
  <p>
    " 
    <b>
      Mathematics
    </b>
     is not about numbers, equations, computations, or algorithms: it is about understanding. " --
    <b>
      William Paul Thurston
    </b>
  </p>
</div>
`;
